app/(auth)/onboarding.tsx(13,22): error TS7016: Could not find a declaration file for module 'react-native-vector-icons/Ionicons'. 'C:/Users/anton/OneDrive/Documents/vs coding/flashfits-clean/node_modules/react-native-vector-icons/Ionicons.js' implicitly has an 'any' type.
  Try `npm i --save-dev @types/react-native-vector-icons` if it exists or add a new declaration (.d.ts) file containing `declare module 'react-native-vector-icons/Ionicons';`
app/(profile)/address.tsx(53,54): error TS2339: Property '_id' does not exist on type 'never'.
app/(profile)/address.tsx(56,51): error TS2339: Property 'name' does not exist on type 'never'.
app/(profile)/address.tsx(58,24): error TS2339: Property 'addressType' does not exist on type 'never'.
app/(profile)/address.tsx(60,21): error TS2339: Property 'isDefault' does not exist on type 'never'.
app/(profile)/address.tsx(67,21): error TS2339: Property 'addressLine1' does not exist on type 'never'.
app/(profile)/address.tsx(67,42): error TS2339: Property 'addressLine2' does not exist on type 'never'.
app/(profile)/address.tsx(68,21): error TS2339: Property 'area' does not exist on type 'never'.
app/(profile)/address.tsx(68,38): error TS2339: Property 'area' does not exist on type 'never'.
app/(profile)/address.tsx(69,21): error TS2339: Property 'landmark' does not exist on type 'never'.
app/(profile)/address.tsx(69,42): error TS2339: Property 'landmark' does not exist on type 'never'.
app/(profile)/address.tsx(71,21): error TS2339: Property 'city' does not exist on type 'never'.
app/(profile)/address.tsx(71,34): error TS2339: Property 'state' does not exist on type 'never'.
app/(profile)/address.tsx(71,49): error TS2339: Property 'pincode' does not exist on type 'never'.
app/(profile)/address.tsx(73,21): error TS2339: Property 'country' does not exist on type 'never'.
app/(profile)/address.tsx(78,62): error TS2339: Property 'phone' does not exist on type 'never'.
app/(profile)/coupons.tsx(12,31): error TS2322: Type '{ title: string; }' is not assignable to type 'IntrinsicAttributes'.
  Property 'title' does not exist on type 'IntrinsicAttributes'.
app/(profile)/helpandsupport.tsx(13,31): error TS2322: Type '{ title: string; }' is not assignable to type 'IntrinsicAttributes'.
  Property 'title' does not exist on type 'IntrinsicAttributes'.
app/(profile)/mywallet.tsx(15,31): error TS2322: Type '{ title: string; }' is not assignable to type 'IntrinsicAttributes'.
  Property 'title' does not exist on type 'IntrinsicAttributes'.
app/(profile)/orders.tsx(68,17): error TS2345: Argument of type '(prev: never[]) => any[]' is not assignable to parameter of type 'SetStateAction<never[]>'.
  Type '(prev: never[]) => any[]' is not assignable to type '(prevState: never[]) => never[]'.
    Type 'any[]' is not assignable to type 'never[]'.
      Type 'any' is not assignable to type 'never'.
app/(profile)/orders.tsx(70,13): error TS2339: Property '_id' does not exist on type 'never'.
app/(profile)/orders.tsx(71,17): error TS2698: Spread types may only be created from object types.
app/(profile)/orders.tsx(87,27): error TS7006: Parameter 'status' implicitly has an 'any' type.
app/(profile)/orders.tsx(97,12): error TS7053: Element implicitly has an 'any' type because expression of type 'any' can't be used to index type '{ placed: string; confirmed: string; preparing: string; ready: string; picked: string; delivered: string; cancelled: string; }'.
app/(profile)/orders.tsx(100,26): error TS7006: Parameter 'status' implicitly has an 'any' type.
app/(profile)/orders.tsx(110,12): error TS7053: Element implicitly has an 'any' type because expression of type 'any' can't be used to index type '{ placed: string; confirmed: string; preparing: string; ready: string; picked: string; delivered: string; cancelled: string; }'.
app/(profile)/orders.tsx(114,33): error TS7006: Parameter 'order' implicitly has an 'any' type.
app/(profile)/orders.tsx(125,35): error TS7006: Parameter 'i' implicitly has an 'any' type.
app/(profile)/orders.tsx(126,35): error TS7006: Parameter 'i' implicitly has an 'any' type.
app/(profile)/orders.tsx(142,34): error TS7006: Parameter 'order' implicitly has an 'any' type.
app/(profile)/orders.tsx(168,19): error TS2322: Type 'string' is not assignable to type '"options" | "link" | "unlink" | "key" | "cart" | "text" | "search" | "repeat" | "at" | "push" | "map" | "filter" | "body" | "code" | "menu" | "time" | "ellipse" | "image" | "stop" | ... 1338 more ... | undefined'.
app/(profile)/orders.tsx(198,38): error TS2322: Type '{ title: string; }' is not assignable to type 'IntrinsicAttributes'.
  Property 'title' does not exist on type 'IntrinsicAttributes'.
app/(profile)/orders.tsx(222,30): error TS2339: Property '_id' does not exist on type 'never'.
app/(profile)/orders.tsx(226,61): error TS2339: Property 'orderStatus' does not exist on type 'never'.
app/(profile)/orders.tsx(234,48): error TS2339: Property '_id' does not exist on type 'never'.
app/(profile)/orders.tsx(243,41): error TS2339: Property '_id' does not exist on type 'never'.
app/(profile)/orders.tsx(254,41): error TS2339: Property 'createdAt' does not exist on type 'never'.
app/(profile)/orders.tsx(265,32): error TS2339: Property 'items' does not exist on type 'never'.
app/(profile)/orders.tsx(265,59): error TS2339: Property 'items' does not exist on type 'never'.
app/(profile)/orders.tsx(271,26): error TS2339: Property 'items' does not exist on type 'never'.
app/(profile)/orders.tsx(271,41): error TS2339: Property 'items' does not exist on type 'never'.
app/(profile)/orders.tsx(273,30): error TS2339: Property 'items' does not exist on type 'never'.
app/(profile)/orders.tsx(273,53): error TS7006: Parameter 'item' implicitly has an 'any' type.
app/(profile)/orders.tsx(273,59): error TS7006: Parameter 'idx' implicitly has an 'any' type.
app/(profile)/orders.tsx(276,30): error TS2339: Property 'items' does not exist on type 'never'.
app/(profile)/orders.tsx(278,35): error TS2339: Property 'items' does not exist on type 'never'.
app/(profile)/orders.tsx(288,51): error TS2339: Property 'orderStatus' does not exist on type 'never'.
app/(profile)/orders.tsx(290,53): error TS2339: Property 'orderStatus' does not exist on type 'never'.
app/(profile)/orders.tsx(295,57): error TS2339: Property 'orderStatus' does not exist on type 'never'.
app/(profile)/orders.tsx(298,32): error TS2339: Property 'orderStatus' does not exist on type 'never'.
app/(profile)/orders.tsx(299,33): error TS2339: Property 'orderStatus' does not exist on type 'never'.
app/(profile)/orders.tsx(306,33): error TS2339: Property 'finalBilling' does not exist on type 'never'.
app/(profile)/orders.tsx(306,69): error TS2339: Property 'totalAmount' does not exist on type 'never'.
app/(profile)/orders.tsx(312,26): error TS2339: Property 'deliveryCharge' does not exist on type 'never'.
app/(profile)/orders.tsx(316,43): error TS2339: Property 'deliveryCharge' does not exist on type 'never'.
app/(profile)/orders.tsx(320,26): error TS2339: Property 'returnCharge' does not exist on type 'never'.
app/(profile)/orders.tsx(324,51): error TS2339: Property 'returnCharge' does not exist on type 'never'.
app/(stack)/AddAddressScreen.tsx(53,30): error TS7006: Parameter 'field' implicitly has an 'any' type.
app/(stack)/AddAddressScreen.tsx(53,37): error TS7006: Parameter 'value' implicitly has an 'any' type.
app/(stack)/MainSearchPage.tsx(72,29): error TS7006: Parameter 'query' implicitly has an 'any' type.
app/(stack)/MainSearchPage.tsx(95,30): error TS7006: Parameter 'text' implicitly has an 'any' type.
app/(stack)/MainSearchPage.tsx(122,31): error TS7006: Parameter 'query' implicitly has an 'any' type.
app/(stack)/MainSearchPage.tsx(236,54): error TS2345: Argument of type 'string | undefined' is not assignable to parameter of type 'string'.
  Type 'undefined' is not assignable to type 'string'.
app/(stack)/OrderDetail/ConfirmSelectionModal.tsx(41,14): error TS2339: Property 'current' does not exist on type 'RefObject<IHandles | null> | ((instance: IHandles | null) => void)'.
  Property 'current' does not exist on type '(instance: IHandles | null) => void'.
app/(stack)/OrderDetail/ConfirmSelectionModal.tsx(70,14): error TS2339: Property 'current' does not exist on type 'RefObject<IHandles | null> | ((instance: IHandles | null) => void)'.
  Property 'current' does not exist on type '(instance: IHandles | null) => void'.
app/(stack)/OrderDetail/OrderTrackingPage.tsx(960,13): error TS2322: Type '{ ref: RefObject<IHandles | null>; onCancel: () => void | undefined; orderId: string; otp: string; items: Item[]; totalPayable: number; onConfirm: () => void; orderData: OrderData | null; }' is not assignable to type 'IntrinsicAttributes & ConfirmSelectionModalProps & RefAttributes<IHandles>'.
  Property 'onConfirm' does not exist on type 'IntrinsicAttributes & ConfirmSelectionModalProps & RefAttributes<IHandles>'.
app/(stack)/OrderDetail/ReturnItemsPage.tsx(57,13): error TS7034: Variable 'socketRef' implicitly has type 'any' in some locations where its type cannot be determined.
app/(stack)/OrderDetail/ReturnItemsPage.tsx(73,17): error TS7005: Variable 'socketRef' implicitly has an 'any' type.
app/(stack)/OrderDetail/TimerTrial.tsx(24,21): error TS7006: Parameter 'seconds' implicitly has an 'any' type.
app/(stack)/OrderDetail/TimerTrial.tsx(31,28): error TS7031: Binding element 'trialPhaseStart' implicitly has an 'any' type.
app/(stack)/OrderDetail/TimerTrial.tsx(31,45): error TS7031: Binding element 'trialPhaseDuration' implicitly has an 'any' type.
app/(stack)/OrderDetail/TimerTrial.tsx(65,24): error TS7006: Parameter 'orderStatus' implicitly has an 'any' type.
app/(stack)/OrderDetail/TimerTrial.tsx(123,19): error TS2345: Argument of type 'string | string[]' is not assignable to parameter of type 'string'.
  Type 'string[]' is not assignable to type 'string'.
app/(stack)/OrderDetail/TimerTrial.tsx(146,11): error TS2353: Object literal may only specify known properties, and 'name' does not exist in type '(prevState: null) => null'.
app/(stack)/OrderDetail/TimerTrial.tsx(164,22): error TS2552: Cannot find name 'getSocket'. Did you mean 'socket'?
app/(stack)/OrderDetail/TimerTrial.tsx(165,37): error TS7006: Parameter 'data' implicitly has an 'any' type.
app/(stack)/OrderDetail/TimerTrial.tsx(180,22): error TS2552: Cannot find name 'getSocket'. Did you mean 'socket'?
app/(stack)/OrderDetail/TimerTrial.tsx(194,46): error TS2339: Property 'toUpperCase' does not exist on type 'string | string[]'.
  Property 'toUpperCase' does not exist on type 'string[]'.
app/(stack)/OrderDetail/TimerTrial.tsx(270,32): error TS2551: Property 'stepLabel' does not exist on type '{ container: { flex: number; backgroundColor: string; }; header: { backgroundColor: string; shadowColor: string; shadowOpacity: number; shadowRadius: number; elevation: number; }; headerInner: { ...; }; ... 45 more ...; timerText: { ...; }; }'. Did you mean 'storeLabel'?
app/(stack)/OrderDetail/TimerTrial.tsx(307,67): error TS2339: Property 'avatar' does not exist on type 'never'.
app/(stack)/OrderDetail/TimerTrial.tsx(310,69): error TS2339: Property 'name' does not exist on type 'never'.
app/(stack)/OrderDetail/TimerTrial.tsx(311,67): error TS2339: Property 'id' does not exist on type 'never'.
app/(stack)/OrderDetail/TimerTrial.tsx(314,31): error TS2339: Property 'id' does not exist on type 'never'.
app/(stack)/Payment.tsx(86,6): error TS2304: Cannot find name 'SafeAreaView'.
app/(stack)/Payment.tsx(199,7): error TS2304: Cannot find name 'SafeAreaView'.
app/(stack)/ProductDetail/productdetailpage.tsx(19,18): error TS2307: Cannot find module '../../../assets/images/4.jpg' or its corresponding type declarations.
app/(stack)/ProductDetail/productdetailpage.tsx(373,35): error TS7006: Parameter '_' implicitly has an 'any' type.
app/(stack)/ProductDetail/productdetailpage.tsx(373,38): error TS7006: Parameter 'index' implicitly has an 'any' type.
app/(stack)/SavedAddressesScreen.tsx(93,28): error TS2345: Argument of type 'Address' is not assignable to parameter of type 'Address'.
  Property 'area' is missing in type 'Address' but required in type 'Address'.
app/(stack)/SelectionPage.tsx(254,48): error TS7006: Parameter 'id' implicitly has an 'any' type.
app/(stack)/SelectionPage.tsx(259,24): error TS7006: Parameter 'color' implicitly has an 'any' type.
app/(stack)/SelectionPage.tsx(265,24): error TS7006: Parameter 'storeId' implicitly has an 'any' type.
app/(stack)/SelectionPage.tsx(271,35): error TS7006: Parameter 'id' implicitly has an 'any' type.
app/(stack)/SelectionPage.tsx(312,70): error TS2339: Property 'open' does not exist on type 'never'.
app/(stack)/SelectionPage.tsx(315,68): error TS2339: Property 'open' does not exist on type 'never'.
app/(stack)/SelectionPage.tsx(318,70): error TS2339: Property 'open' does not exist on type 'never'.
app/(stack)/SelectionPage.tsx(347,28): error TS7006: Parameter 'values' implicitly has an 'any' type.
app/(stack)/SelectionPage.tsx(442,54): error TS2339: Property 'close' does not exist on type 'never'.
app/(stack)/SelectionPage.tsx(478,41): error TS2339: Property 'close' does not exist on type 'never'.
app/(stack)/SelectionPage.tsx(519,43): error TS2339: Property 'close' does not exist on type 'never'.
app/(stack)/SelectionPage.tsx(704,3): error TS1117: An object literal cannot have multiple properties with the same name.
app/(stack)/SelectLocationScreen.tsx(101,29): error TS2339: Property 'injectJavaScript' does not exist on type 'never'.
app/(stack)/SelectLocationScreen.tsx(105,24): error TS7006: Parameter 'event' implicitly has an 'any' type.
app/(stack)/ShoppingBag.tsx(26,17): error TS2307: Cannot find module '../../assets/images/star.png' or its corresponding type declarations.
app/(stack)/ShoppingBag.tsx(72,44): error TS2339: Property 'open' does not exist on type 'never'.
app/(stack)/ShoppingBag.tsx(80,38): error TS7006: Parameter 'address' implicitly has an 'any' type.
app/(stack)/ShoppingBag.tsx(91,46): error TS2339: Property 'open' does not exist on type 'never'.
app/(stack)/ShoppingBag.tsx(104,50): error TS18047: 'selectedAddress' is possibly 'null'.
app/(stack)/ShoppingBag.tsx(152,19): error TS18047: 'selectedAddress' is possibly 'null'.
app/(stack)/ShoppingBag.tsx(184,31): error TS7006: Parameter 'itemId' implicitly has an 'any' type.
app/(stack)/ShoppingBag.tsx(338,25): error TS7031: Binding element 'label' implicitly has an 'any' type.
app/(stack)/ShoppingBag.tsx(338,32): error TS7031: Binding element 'onComplete' implicitly has an 'any' type.
app/(stack)/ShoppingBag.tsx(387,11): error TS2769: No overload matches this call.
  Overload 1 of 2, '(props: LinearGradientProps): LinearGradient', gave the following error.
    Type 'string[]' is not assignable to type 'readonly [ColorValue, ColorValue, ...ColorValue[]]'.
      Source provides no match for required element at position 0 in target.
  Overload 2 of 2, '(props: LinearGradientProps, context: any): LinearGradient', gave the following error.
    Type 'string[]' is not assignable to type 'readonly [ColorValue, ColorValue, ...ColorValue[]]'.
      Source provides no match for required element at position 0 in target.
app/(stack)/ShoppingBag.tsx(477,66): error TS2339: Property 'open' does not exist on type 'never'.
app/(stack)/ShoppingBag.tsx(526,41): error TS2322: Type 'false | { color: string; fontWeight: "bold"; }' is not assignable to type 'ViewStyle | Falsy | RegisteredStyle<ViewStyle> | RecursiveArray<ViewStyle | Falsy | RegisteredStyle<ViewStyle>> | readonly (ViewStyle | ... 1 more ... | RegisteredStyle<...>)[]'.
  Type '{ color: string; fontWeight: "bold"; }' is not assignable to type 'ViewStyle | Falsy | RegisteredStyle<ViewStyle> | RecursiveArray<ViewStyle | Falsy | RegisteredStyle<ViewStyle>> | readonly (ViewStyle | ... 1 more ... | RegisteredStyle<...>)[]'.
app/(stack)/ShoppingBag.tsx(618,11): error TS2769: No overload matches this call.
  Overload 1 of 2, '(props: ScrollViewProps): ScrollView', gave the following error.
    Type '{ children: Element[]; contentContainerStyle: { paddingHorizontal: number; }; showsVerticalScrollIndicator: false; onScroll: (e: NativeSyntheticEvent<NativeScrollEvent>) => void; scrollEventThrottle: number; refreshing: boolean; onRefresh: () => Promise<...>; }' is not assignable to type 'IntrinsicAttributes & IntrinsicClassAttributes<ScrollView> & Readonly<ScrollViewProps>'.
      Property 'refreshing' does not exist on type 'IntrinsicAttributes & IntrinsicClassAttributes<ScrollView> & Readonly<ScrollViewProps>'.
  Overload 2 of 2, '(props: ScrollViewProps, context: any): ScrollView', gave the following error.
    Type '{ children: Element[]; contentContainerStyle: { paddingHorizontal: number; }; showsVerticalScrollIndicator: false; onScroll: (e: NativeSyntheticEvent<NativeScrollEvent>) => void; scrollEventThrottle: number; refreshing: boolean; onRefresh: () => Promise<...>; }' is not assignable to type 'IntrinsicAttributes & IntrinsicClassAttributes<ScrollView> & Readonly<ScrollViewProps>'.
      Property 'refreshing' does not exist on type 'IntrinsicAttributes & IntrinsicClassAttributes<ScrollView> & Readonly<ScrollViewProps>'.
app/(stack)/ShoppingBag.tsx(668,34): error TS7006: Parameter 'cartId' implicitly has an 'any' type.
app/(stack)/ShoppingBag.tsx(668,42): error TS7006: Parameter 'newQty' implicitly has an 'any' type.
app/(stack)/ShoppingBag.tsx(669,30): error TS7006: Parameter 'prev' implicitly has an 'any' type.
app/(stack)/ShoppingBag.tsx(669,30): error TS2345: Argument of type '(prev: any) => any' is not assignable to parameter of type 'any[]'.
app/(stack)/ShoppingBag.tsx(670,28): error TS7006: Parameter 'item' implicitly has an 'any' type.
app/(stack)/ShoppingBag.tsx(683,22): error TS2551: Property 'couponSection' does not exist on type '{ container: { flex: number; backgroundColor: string; paddingTop: number | undefined; }; emptyCartContainer: { flex: number; justifyContent: "center"; alignItems: "center"; backgroundColor: string; paddingHorizontal: number; }; ... 71 more ...; slideText: { ...; }; }'. Did you mean 'couponIcon'?
app/(tabs)/_layout.tsx(30,27): error TS7006: Parameter 'lat1' implicitly has an 'any' type.
app/(tabs)/_layout.tsx(30,33): error TS7006: Parameter 'lon1' implicitly has an 'any' type.
app/(tabs)/_layout.tsx(30,39): error TS7006: Parameter 'lat2' implicitly has an 'any' type.
app/(tabs)/_layout.tsx(30,45): error TS7006: Parameter 'lon2' implicitly has an 'any' type.
app/(tabs)/_layout.tsx(47,32): error TS7031: Binding element 'focused' implicitly has an 'any' type.
app/(tabs)/_layout.tsx(47,41): error TS7031: Binding element 'iconName' implicitly has an 'any' type.
app/(tabs)/_layout.tsx(47,51): error TS7031: Binding element 'size' implicitly has an 'any' type.
app/(tabs)/_layout.tsx(47,57): error TS7031: Binding element 'color' implicitly has an 'any' type.
app/(tabs)/_layout.tsx(47,64): error TS7031: Binding element 'label' implicitly has an 'any' type.
app/(tabs)/_layout.tsx(141,16): error TS2741: Property 'size' is missing in type '{ focused: boolean; iconName: string; color: string; label: string; }' but required in type '{ focused: any; iconName: any; size: any; color: any; label: any; }'.
app/(tabs)/_layout.tsx(228,40): error TS2339: Property 'open' does not exist on type 'never'.
app/(tabs)/Categories.tsx(65,27): error TS2345: Argument of type 'Category[]' is not assignable to parameter of type 'SetStateAction<never[]>'.
  Type 'Category[]' is not assignable to type 'never[]'.
    Type 'Category' is not assignable to type 'never'.
app/(tabs)/Categories.tsx(75,59): error TS2339: Property 'level' does not exist on type 'never'.
app/(tabs)/Categories.tsx(76,58): error TS2339: Property 'level' does not exist on type 'never'.
app/(tabs)/Categories.tsx(76,77): error TS2339: Property 'parentId' does not exist on type 'never'.
app/(tabs)/Categories.tsx(77,61): error TS2339: Property 'level' does not exist on type 'never'.
app/(tabs)/Categories.tsx(77,80): error TS2339: Property 'parentId' does not exist on type 'never'.
app/(tabs)/Categories.tsx(79,49): error TS7006: Parameter 'id' implicitly has an 'any' type.
app/(tabs)/Categories.tsx(81,53): error TS2339: Property 'parentId' does not exist on type 'never'.
app/(tabs)/Categories.tsx(81,76): error TS2339: Property 'level' does not exist on type 'never'.
app/(tabs)/Categories.tsx(82,42): error TS2339: Property '_id' does not exist on type 'never'.
app/(tabs)/Categories.tsx(85,36): error TS7006: Parameter 'id' implicitly has an 'any' type.
app/(tabs)/Categories.tsx(89,50): error TS2339: Property '_id' does not exist on type 'never'.
app/(tabs)/Categories.tsx(93,26): error TS7006: Parameter 'subCatName' implicitly has an 'any' type.
app/(tabs)/Categories.tsx(93,38): error TS7006: Parameter 'subCategoryId' implicitly has an 'any' type.
app/(tabs)/Categories.tsx(93,53): error TS7006: Parameter 'subSubCategoryId' implicitly has an 'any' type.
app/(tabs)/Categories.tsx(95,7): error TS2820: Type '"(stack)/SelectionPage"' is not assignable to type 'RelativePathString | ExternalPathString | "/AddressContext" | "/AuthContext" | "/axiosConfig" | "/ContextParent" | "/GenderContext" | ... 84 more ... | "/utilities/secureStore"'. Did you mean '"/(stack)/SelectionPage"'?
app/(tabs)/Categories.tsx(117,24): error TS2339: Property '_id' does not exist on type 'never'.
app/(tabs)/Categories.tsx(118,73): error TS2339: Property '_id' does not exist on type 'never'.
app/(tabs)/Categories.tsx(119,59): error TS2339: Property '_id' does not exist on type 'never'.
app/(tabs)/Categories.tsx(122,36): error TS2339: Property 'image' does not exist on type 'never'.
app/(tabs)/Categories.tsx(125,58): error TS2339: Property 'name' does not exist on type 'never'.
app/(tabs)/Categories.tsx(136,24): error TS2339: Property '_id' does not exist on type 'never'.
app/(tabs)/Categories.tsx(137,65): error TS2339: Property '_id' does not exist on type 'never'.
app/(tabs)/Categories.tsx(138,58): error TS2339: Property '_id' does not exist on type 'never'.
app/(tabs)/Categories.tsx(140,41): error TS2339: Property 'image' does not exist on type 'never'.
app/(tabs)/Categories.tsx(141,71): error TS2339: Property '_id' does not exist on type 'never'.
app/(tabs)/Categories.tsx(142,22): error TS2339: Property 'name' does not exist on type 'never'.
app/(tabs)/Categories.tsx(152,42): error TS2339: Property '_id' does not exist on type 'never'.
app/(tabs)/Categories.tsx(159,51): error TS2339: Property 'name' does not exist on type 'never'.
app/(tabs)/Categories.tsx(159,77): error TS2339: Property '_id' does not exist on type 'never'.
app/(tabs)/Categories.tsx(161,44): error TS2339: Property 'image' does not exist on type 'never'.
app/(tabs)/Categories.tsx(162,75): error TS2339: Property 'name' does not exist on type 'never'.
app/(tabs)/FlashfitsStores.tsx(15,18): error TS7016: Could not find a declaration file for module 'react-native-vector-icons/Feather'. 'C:/Users/anton/OneDrive/Documents/vs coding/flashfits-clean/node_modules/react-native-vector-icons/Feather.js' implicitly has an 'any' type.
  Try `npm i --save-dev @types/react-native-vector-icons` if it exists or add a new declaration (.d.ts) file containing `declare module 'react-native-vector-icons/Feather';`
app/(tabs)/FlashfitsStores.tsx(46,60): error TS7006: Parameter 'm' implicitly has an 'any' type.
app/(tabs)/FlashfitsStores.tsx(48,59): error TS2345: Argument of type 'unknown[]' is not assignable to parameter of type 'string[]'.
  Type 'unknown' is not assignable to type 'string'.
app/(tabs)/FlashfitsStores.tsx(193,5): error TS1117: An object literal cannot have multiple properties with the same name.
app/(tabs)/FlashfitsStores.tsx(194,5): error TS1117: An object literal cannot have multiple properties with the same name.
app/(tabs)/FlashfitsStores.tsx(195,5): error TS1117: An object literal cannot have multiple properties with the same name.
app/(tabs)/index.tsx(91,7): error TS2448: Block-scoped variable 'loadInitialData' used before its declaration.
app/(tabs)/index.tsx(91,7): error TS2454: Variable 'loadInitialData' is used before being assigned.
app/api/orderApis.ts(40,47): error TS18046: 'error' is of type 'unknown'.
app/api/orderApis.ts(97,47): error TS18046: 'error' is of type 'unknown'.
components/AuthetificationComponents/Login.tsx(18,18): error TS2307: Cannot find module '../../assets/loaders/logo.png' or its corresponding type declarations.
components/CartBagComponents/BagProduct.tsx(8,38): error TS7031: Binding element 'product' implicitly has an 'any' type.
components/CartBagComponents/BagProduct.tsx(8,47): error TS7031: Binding element 'onDelete' implicitly has an 'any' type.
components/CartBagComponents/BagProduct.tsx(8,57): error TS7031: Binding element 'onQuantityChange' implicitly has an 'any' type.
components/CartBagComponents/BagProduct.tsx(13,37): error TS7006: Parameter 'cartId' implicitly has an 'any' type.
components/CartBagComponents/BagProduct.tsx(13,45): error TS7006: Parameter 'newQty' implicitly has an 'any' type.
components/CartBagComponents/BagProduct.tsx(34,33): error TS7006: Parameter 'item' implicitly has an 'any' type.
components/CartBagComponents/BagProduct.tsx(79,29): error TS7006: Parameter 'icon' implicitly has an 'any' type.
components/CartBagComponents/BagProduct.tsx(79,35): error TS7006: Parameter 'text' implicitly has an 'any' type.
components/CartBagComponents/BagProduct.tsx(96,22): error TS7006: Parameter 'item' implicitly has an 'any' type.
components/CartBagComponents/BagProduct.tsx(96,28): error TS7006: Parameter 'index' implicitly has an 'any' type.
components/CartBagComponents/CheckoutPage.tsx(16,18): error TS7016: Could not find a declaration file for module 'react-native-vector-icons/Feather'. 'C:/Users/anton/OneDrive/Documents/vs coding/flashfits-clean/node_modules/react-native-vector-icons/Feather.js' implicitly has an 'any' type.
  Try `npm i --save-dev @types/react-native-vector-icons` if it exists or add a new declaration (.d.ts) file containing `declare module 'react-native-vector-icons/Feather';`
components/CheckoutComponents/ReviewItemCardsSection.tsx(77,7): error TS1117: An object literal cannot have multiple properties with the same name.
components/CheckoutComponents/SlidetoPay.tsx(3,28): error TS2307: Cannot find module 'react-native-linear-gradient' or its corresponding type declarations.
components/CheckoutComponents/SlidetoPay.tsx(4,22): error TS7016: Could not find a declaration file for module 'react-native-vector-icons/Ionicons'. 'C:/Users/anton/OneDrive/Documents/vs coding/flashfits-clean/node_modules/react-native-vector-icons/Ionicons.js' implicitly has an 'any' type.
  Try `npm i --save-dev @types/react-native-vector-icons` if it exists or add a new declaration (.d.ts) file containing `declare module 'react-native-vector-icons/Ionicons';`
components/CheckoutComponents/SlidetoPay.tsx(45,20): error TS2304: Cannot find name 'styles'.
components/CheckoutComponents/SlidetoPay.tsx(50,18): error TS2304: Cannot find name 'styles'.
components/CheckoutComponents/SlidetoPay.tsx(54,21): error TS2304: Cannot find name 'styles'.
components/CheckoutComponents/SlidetoPay.tsx(57,26): error TS2304: Cannot find name 'styles'.
components/CheckoutComponents/SlidetoPay.tsx(62,24): error TS2304: Cannot find name 'styles'.
components/CheckoutComponents/SlidetoPay.tsx(70,20): error TS2304: Cannot find name 'styles'.
components/CheckoutComponents/SlidetoPay.tsx(75,18): error TS2304: Cannot find name 'styles'.
components/CheckoutComponents/SlidetoPay.tsx(79,21): error TS2304: Cannot find name 'styles'.
components/CheckoutComponents/SlidetoPay.tsx(82,26): error TS2304: Cannot find name 'styles'.
components/CheckoutComponents/SlidetoPay.tsx(87,24): error TS2304: Cannot find name 'styles'.
components/HomeComponents/Banner.tsx(22,22): error TS7006: Parameter 'direction' implicitly has an 'any' type.
components/HomeComponents/FootwearSection.tsx(51,22): error TS7031: Binding element 'brand' implicitly has an 'any' type.
components/HomeComponents/ParentCategoryIndexing.tsx(13,22): error TS7031: Binding element 'products' implicitly has an 'any' type.
components/HomeComponents/ParentCategoryIndexing.tsx(20,25): error TS2345: Argument of type '[string, { type: string; }]' is not assignable to parameter of type 'never'.
components/HomeComponents/ParentCategoryIndexing.tsx(26,25): error TS2345: Argument of type '[string, { type: string; }]' is not assignable to parameter of type 'never'.
components/HomeComponents/ShopCardsHome.tsx(15,21): error TS7031: Binding element 'title' implicitly has an 'any' type.
components/HomeComponents/ShopCardsHome.tsx(15,28): error TS7031: Binding element 'index' implicitly has an 'any' type.
components/HomeComponents/ShopCardsHome.tsx(15,35): error TS7031: Binding element 'merchantId' implicitly has an 'any' type.
components/HomeComponents/ShopCardsHome.tsx(15,47): error TS7031: Binding element 'shopData' implicitly has an 'any' type.
components/HomeComponents/ShopCardsHome.tsx(23,25): error TS2345: Argument of type '[string, { merchantId: any; }]' is not assignable to parameter of type 'never'.
components/HomeComponents/SmoothSlider.tsx(6,22): error TS7006: Parameter 'callback' implicitly has an 'any' type.
components/HomeComponents/SmoothSlider.tsx(6,32): error TS7006: Parameter 'delay' implicitly has an 'any' type.
components/HomeComponents/SmoothSlider.tsx(10,6): error TS7019: Rest parameter 'args' implicitly has an 'any[]' type.
components/HomeComponents/SmoothSlider.tsx(12,7): error TS2322: Type 'number' is not assignable to type 'null'.
components/HomeComponents/SmoothSlider.tsx(22,67): error TS7031: Binding element 'onChange' implicitly has an 'any' type.
components/HomeComponents/SmoothSlider.tsx(41,25): error TS7006: Parameter 'values' implicitly has an 'any' type.
components/HomeComponents/TopCategory.tsx(23,27): error TS7006: Parameter 'category' implicitly has an 'any' type.
components/Loader/Loader.tsx(6,18): error TS2307: Cannot find module '../../assets/loaders/logo.png' or its corresponding type declarations.
components/NearByShopsComponents/CardinStores.tsx(12,22): error TS7031: Binding element 'image' implicitly has an 'any' type.
components/NearByShopsComponents/CardinStores.tsx(12,29): error TS7031: Binding element 'title' implicitly has an 'any' type.
components/NearByShopsComponents/CardinStores.tsx(12,36): error TS7031: Binding element 'price' implicitly has an 'any' type.
components/NearByShopsComponents/CardinStores.tsx(12,43): error TS7031: Binding element 'oldPrice' implicitly has an 'any' type.
components/NearByShopsComponents/CardinStores.tsx(12,53): error TS7031: Binding element 'discount' implicitly has an 'any' type.
components/NearByShopsComponents/CardinStores.tsx(12,63): error TS7031: Binding element 'rating' implicitly has an 'any' type.
components/NearByShopsComponents/CardinStores.tsx(12,71): error TS7031: Binding element 'merchantId' implicitly has an 'any' type.
components/NearByShopsComponents/CardinStores.tsx(19,29): error TS2345: Argument of type '[string, { merchantId: any; }]' is not assignable to parameter of type 'never'.
components/NearByShopsComponents/CardinStores.tsx(45,40): error TS7031: Binding element 'products' implicitly has an 'any' type.
components/NearByShopsComponents/CardinStores.tsx(53,25): error TS7006: Parameter 'product' implicitly has an 'any' type.
components/NearByShopsComponents/CardinStores.tsx(66,31): error TS2339: Property 'noProductsText' does not exist on type '{ container: { flexDirection: "row"; }; card: { margin: number; width: number; backgroundColor: string; borderRadius: number; }; imageWrapper: { position: "relative"; }; image: { height: number; width: number; borderRadius: number; resizeMode: "cover"; }; ... 7 more ...; discount: { ...; }; }'.
components/NearByShopsComponents/NearbyStores.tsx(10,25): error TS7031: Binding element 'merchantData' implicitly has an 'any' type.
components/NearByShopsComponents/NearbyStores.tsx(10,39): error TS7031: Binding element 'productsByMerchant' implicitly has an 'any' type.
components/NearByShopsComponents/NearbyStores.tsx(18,6): error TS7006: Parameter 'm' implicitly has an 'any' type.
components/NearByShopsComponents/NearbyStores.tsx(35,35): error TS2345: Argument of type '[string, { merchantId: any; }]' is not assignable to parameter of type 'never'.
components/NearByShopsComponents/NearbyStores.tsx(84,25): error TS2322: Type '{ merchantId: any; products: any; }' is not assignable to type 'IntrinsicAttributes & { products: any; }'.
  Property 'merchantId' does not exist on type 'IntrinsicAttributes & { products: any; }'.
components/NearByShopsComponents/NearbyStores.tsx(180,3): error TS1117: An object literal cannot have multiple properties with the same name.
components/NearByShopsComponents/PopularStores.tsx(5,26): error TS7031: Binding element 'merchantData' implicitly has an 'any' type.
components/NearByShopsComponents/PopularStores.tsx(5,40): error TS7031: Binding element 'productsByMerchant' implicitly has an 'any' type.
components/NearByShopsComponents/PopularStores.tsx(20,6): error TS7006: Parameter 'm' implicitly has an 'any' type.
components/NearByShopsComponents/PopularStores.tsx(29,31): error TS7006: Parameter 'item' implicitly has an 'any' type.
components/NearByShopsComponents/PopularStores.tsx(34,35): error TS2345: Argument of type '[string, { merchantId: any; }]' is not assignable to parameter of type 'never'.
components/NearByShopsComponents/PopularStores.tsx(70,25): error TS2322: Type '{ merchantId: any; products: any; }' is not assignable to type 'IntrinsicAttributes & { products: any; }'.
  Property 'merchantId' does not exist on type 'IntrinsicAttributes & { products: any; }'.
